
> bonus-game@1.0.0 test:unit
> node --test tests/unit/*.test.js

(node:29020) [MODULE_TYPELESS_PACKAGE_JSON] Warning: Module type of file:///C:/Users/Admin/Documents/GitHub/bonus-game/tests/unit/disconnect-leave-e2e.test.js is not specified and it doesn't parse as CommonJS.
Reparsing as ES module because module syntax was detected. This incurs a performance overhead.
To eliminate this warning, add "type": "module" to C:\Users\Admin\Documents\GitHub\bonus-game\package.json.
(Use `node --trace-warnings ...` to show where the warning was created)
✔ PRESENCE_GRACE_MS is 30 000 ms after phase-1A bug-3 fix (3.3469ms)
✔ BACK_INTENT.LEAVE for live online dispatches RESIGN_GAME for the leaving slot (1.3104ms)
✔ BACK_INTENT.LEAVE for live online does NOT call endActiveGame before resign completes (0.4015ms)
✔ BACK_INTENT.LEAVE for live online writes abandoned status to Firebase (37.8698ms)
✔ BACK_INTENT.LEAVE for async online does NOT dispatch RESIGN_GAME (1.8485ms)
✔ BACK_INTENT.LEAVE for offline game does NOT dispatch RESIGN_GAME (0.4716ms)
✔ PAUSE_INTENT.SAVE_AND_EXIT for live online dispatches RESIGN_GAME (0.6422ms)
✔ PAUSE_INTENT.SAVE_AND_EXIT for live online writes abandoned status to Firebase (29.2009ms)
✔ PAUSE_INTENT.SAVE_AND_EXIT for async online calls endActiveGame without resign (0.5613ms)
✔ opponent session receives GAME_COMPLETED after local resign (BACK_INTENT.LEAVE flow) (28.3199ms)
✔ remote room status "abandoned" triggers GAME_COMPLETED on observer session (14.7093ms)
✔ AUTO_WIN resigns the opponent slot and writes abandoned+disconnect to Firebase (36.1974ms)
✔ disconnect controller opens DISCONNECT_OPEN when opponent goes offline (0.9182ms)
✔ disconnect controller does not open overlay for backgrounded opponent (0.2899ms)
✔ disconnect controller: polling detects stale lastSeen without a new Firebase push (84.5654ms)
✔ disconnect controller: DISCONNECT_OPEN does not fire after GAME_COMPLETED even with stale presence (114.541ms)
✔ disconnect controller does not subscribe to presence for async mode (0.9329ms)
✔ disconnect controller does not subscribe to presence for offline mode (0.5149ms)
✔ session dispose: stops watchRoom so no events fire after teardown (21.6729ms)
✔ session dispose: calls leaveRoom and clears users/{uid}/activeRoom (2.7169ms)
✔ setStatus abandoned on live room does NOT touch asyncRooms index (1.3466ms)
✔ setStatus abandoned on async room clears asyncRooms index for both players (2.8262ms)
✔ END_INTENT.GO_HOME after online resign calls endActiveGame and navigates home (27.9778ms)
✔ GAME_COMPLETED fires exactly once when local player dispatches RESIGN_GAME (39.9405ms)
✔ BACK_INTENT.LEAVE resigns mySlot even when it is not the current turn (0.5893ms)
✔ isPresenceOnline: connected:false takes priority over backgrounded:true (tab-close scenario) (0.2148ms)
✔ isPresenceOnline: backgrounded:true + connected:true is always alive regardless of lastSeen (0.2076ms)
✔ disconnect controller: app-close (backgrounded:true + connected:false) triggers AUTO_WIN, not overlay (0.5582ms)
✔ version-bumped room update with terminal status triggers GAME_COMPLETED on observer session (14.1674ms)
✔ version-bumped terminal status does not double-fire GAME_COMPLETED (44.2527ms)
✔ accumulating timer: grace period (< graceMs total) suppresses the overlay (31.8817ms)
✔ accumulating timer: overlay opens when elapsed equals graceMs (34.283ms)
✔ accumulating timer: overlay seconds reflects remaining time (maxMs - elapsed) (66.8136ms)
✔ accumulating timer: reconnect accumulates time; second disconnect skips grace (65.0414ms)
✔ app-close: AUTO_WIN fires immediately when it is the opponent's turn (0.3466ms)
✔ app-close: AUTO_WIN is deferred until TURN_CHANGED when it is my turn (0.2291ms)
✔ app-close: TURN_CHANGED listener is cancelled if opponent comes back online (0.2064ms)
✔ isAppClosed: true only when backgrounded:true AND connected:false (0.0937ms)
✔ AUTO_WIN with reason:left dispatches RESIGN_GAME with reason:left (30.8271ms)
✔ parity: list reflects new ordering after opponent commits an async move (61.5064ms)
✔ parity: engineStateFromRoom round-trips board/rack/bag/turn/score after a commit (2.5517ms)
✔ parity: banner fires once when a new my-turn arrives, dedups identical re-fires (1.8045ms)
✔ parity: dismissForUid does not touch the opponent's view (1.1316ms)
✔ parity: banner text shows count when multiple rooms become my-turn (2.9071ms)
✔ parity: setStatus(completed) on async room clears the row from both indexes (1.3673ms)
✔ parity: shouldFire = false when Notification API absent (9.3605ms)
✔ parity: shouldFire = false when permission not granted (0.3959ms)
✔ parity: shouldFire = false when tab is visible and force not set (0.2821ms)
✔ parity: shouldFire = true when granted + hidden (0.3089ms)
✔ parity: shouldFire = true with force, regardless of visibility (0.3759ms)
✔ parity: routeFor matches legacy _handleBrowserNotificationClick dispatch table (2.5091ms)
✔ parity: routeFor returns null for invite/turn without roomCode (no destination) (0.2603ms)
✔ parity: prefers SW.showNotification when a registration is provided (0.658ms)
✔ parity: falls back to new Notification when no SW registration (0.5697ms)
✔ parity: SW failure transparently falls back to constructor (0.6518ms)
✔ parity: constructor onclick invokes the router with the mapped route and focuses window (0.5408ms)
✔ parity: silent no-op when Notification unsupported (0.5502ms)
✔ parity: silent no-op when permission is "denied" (0.2686ms)
✔ parity: tag dedupes per-room: same roomCode produces same tag (0.428ms)
✔ parity: stats delta after win matches legacy field-by-field (31.0831ms)
✔ parity: stats delta after loss resets the streak (legacy semantics) (2.1161ms)
✔ parity: stats delta after draw is bookkeeping-only (0.8222ms)
✔ parity: paired wins — each client writes its own; leaderboard converges symmetric (2.9357ms)
✔ parity: draw between equal-rated players leaves ratings unchanged (0.7121ms)
✔ parity: upset (low-rated beats high-rated) yields larger delta than even win (0.6582ms)
✔ parity: diffNewlyUnlocked returns avatars only on the threshold crossing (0.5127ms)
✔ parity: high-score avatar unlock fires when stat crosses min (0.315ms)
✔ parity: locked avatars stay locked until threshold; isAvatarUnlocked reflects stat (0.3639ms)
✔ parity: concurrent bumpStats from two finishing games sum, never overwrite (0.6449ms)
✔ parity: highScore uses max semantics (legacy: if(myScore > stats.highScore)) (0.5653ms)
✔ legacy commitPlay: quadNext multiplies word score only, then bonusOk extra is added after multiplier (75.6938ms)
✔ legacy commitPlay: doubleNext decrements once and remains for the second scoring turn (2.7751ms)
✔ legacy commitPlay: emptyRackEmptyBag ends the game immediately (0.9665ms)
✔ legacy nextTurn/_doTurnStart: skipNextTurn auto-skips the opponent turn (0.9429ms)
✔ legacy _doTurnStart/handleOnlinePendingEffect/showTileSwapPicker: tileSwap creates a pending turn-start effect (1.2304ms)
✔ legacy online.inboundNoRevalidate/listenForMoves: opponent move applies without dictionary validation (5.6967ms)
✔ legacy triggerBonus/bonusOk: B1-B13 activation branches are represented through the engine lifecycle (6.9026ms)
✔ legacy bonusOk B5: extra-turn bonus applies when the award overlay is acknowledged (0.591ms)
✔ legacy bonusSkip: skipped pending bonus is cleared after base move commit (0.6332ms)
✔ legacy bonusOk: interactive B1/B3/B8/B10/B11/B12 success clears pending and awards only after acknowledgement (2.2399ms)
✔ legacy bonusOk: auto B2/B4/B9 bonuses award their configured extra after acknowledgement (0.9545ms)
✔ legacy B13 wheel lifecycle: future and auto outcomes clear pending state through ACTIVATE_BOOST (0.6824ms)
✔ legacy computeExpiredOnlineTurnState/shouldClaimExpiredOnlineTurn: online timeout claim helpers are exported (0.1974ms)
✔ legacy computeExpiredOnlineTurnState/shouldClaimExpiredOnlineTurn: online timeout state patch matches legacy fields (0.6054ms)
✔ legacy buildWordSearch: modular word-search builder keeps grid size, word count, and extract/match behavior (2.9144ms)
✔ legacy buildCrossword: modular crossword draws 20 non-joker tiles and rejects any illegal word on finalize (0.8741ms)
✔ legacy buildCrossingWords: modular crossing builder uses fallback and grades shared letter (0.5866ms)
✔ legacy addApprovedDictionaryWords/checkDictionaryQuery: approved words sync into the active dictionary set (0.5972ms)
✔ legacy dictionary admin rows: suggestions are sanitized, de-duped, and filtered against approved/rejected words (0.661ms)
✔ legacy calcElo/ranking rows: modular rating helpers preserve Elo math and sorted leaderboard behavior (0.6376ms)
✔ legacy settings rows: timer settings round-trip between legacy globals and modular settings (0.4111ms)
✔ parity: receiver rejects; sender ack fires accepted:false; no orphan room (50.7011ms)
✔ parity: receiver accepts; room created with both players; fresh engine state (5.2977ms)
✔ parity: concurrent accepts — only the first succeeds; no duplicate room (1.3195ms)
✔ parity: accepting an expired invite produces no room and the invite is cleaned up (0.7002ms)
✔ parity: sender cancels; receiver listener sees the invite vanish; no ack (0.6538ms)
✔ checkRecipientAvailability: recipient in active live game blocks live invite (1.2063ms)
✔ checkRecipientAvailability: recipient in async game does NOT block live invite (0.5333ms)
✔ checkRecipientAvailability: recipient with no active room is always available (0.2643ms)
✔ checkRecipientAvailability: async invite is always available regardless of game state (0.7752ms)
✔ pushInvite delivers to the correct recipient uid with inviter name (2.3761ms)
✔ parity: leaving mid-bot-think cancels the pending scheduler so no move is dispatched (42.9786ms)
✔ parity: turn timer dispatches no PASS_TURN once the active game is torn down (1.7638ms)
✔ parity: bus listeners are detached so a stray TURN_CHANGED does not wake the bot (0.5726ms)
✔ parity: active player's watchdog does not claim on its own turn (37.6715ms)
✔ parity: opponent's watchdog flips turn, bumps version, advances deadline, increments missedTurns (2.1823ms)
✔ parity: concurrent claims — only the first observably mutates the room (1.3943ms)
✔ parity: watchdog no-ops when settings disable timelimit (0.5651ms)
✔ parity: watchdog no-ops when room status is not playing (0.5559ms)
✔ parity: watchdog no-ops when deadline has not yet elapsed including grace (0.5697ms)
✔ parity: watchdog no-ops when turnDeadlineMs is unset (0.614ms)
✔ parity: two consecutive missed turns by the same player forfeits the room (0.6614ms)
✔ parity: transient no-op tick does not latch — next tick claims when conditions clear (0.7638ms)
✔ parity: timed-out player's multiply_next_turns is forfeited by the watchdog claim (0.8294ms)
✔ parity: opponent's multiply_next_turns survives a watchdog claim against the active player (0.5104ms)
✔ parity: non-multiplier boosts of the timed-out player survive the claim (only multiply_next_turns forfeits) (0.4605ms)
✔ parity: watchdog claims the timed-out turn regardless of opponent presence state (0.4713ms)
✔ parity: dispose() prevents future ticks from claiming (0.3191ms)
✔ parity: watchdog ticks on the setInterval cadence (0.6354ms)
✔ parity: every screen transition adds screen-transitioning to the new screen (9.4241ms)
✔ parity: rapid home → setup → back cancels the stale transitioning class (2.6631ms)
✔ parity: _resetTransitionState clears any in-flight transition block (0.8293ms)
✔ parity: enabling music with a source actually calls Audio.play (5.0795ms)
✔ parity: disabling music immediately pauses the audio element (1.26ms)
✔ parity: re-init with persisted disabled does NOT auto-play (0.785ms)
✔ parity: toggle persists and survives a dispose+init round trip (0.9481ms)
✔ parity: no source → toggle does not throw and never tries to construct Audio (0.7487ms)
✔ firebase rules index globalRatings by rating (1.4932ms)
✔ firebase rules include dictionary moderation protections (0.7515ms)
✔ home logo uses local image asset markup (2.2915ms)
✔ index links the static web manifest (1.0791ms)
✔ manifest start_url remains app-relative (0.4507ms)
✔ שאילתה overlay relies on text input without virtual keyboard markup (1.4231ms)
✔ שאילתה toolbar button no longer uses keyboard icon (0.5196ms)
✔ החלפת אות overlay uses larger tile dimensions (0.6406ms)
ℹ tests 135
ℹ suites 0
ℹ pass 135
ℹ fail 0
ℹ cancelled 0
ℹ skipped 0
ℹ todo 0
ℹ duration_ms 900.9712
